// Jest Snapshot v1, https://goo.gl/fbAQLP

exports[`Pruebas en <LoginScreen /> Debe mostrarse correctamente 1`] = `
Array [
  <h3
    className="auth__title mb-5"
  >
    Register
  </h3>,
  <form
    className="animate__animated animate__fadeIn animate__faster"
    onSubmit={[Function]}
  >
    <input
      autoComplete="off"
      className="auth__input"
      name="name"
      onChange={[Function]}
      placeholder="Name"
      type="text"
      value=""
    />
    <input
      autoComplete="off"
      className="auth__input"
      name="email"
      onChange={[Function]}
      placeholder="Email"
      type="text"
      value=""
    />
    <input
      autoComplete="off"
      className="auth__input"
      name="password"
      onChange={[Function]}
      placeholder="Password"
      type="password"
      value=""
    />
    <input
      autoComplete="off"
      className="auth__input"
      name="confirmPassword"
      onChange={[Function]}
      placeholder="Confirm password"
      type="password"
      value=""
    />
    <button
      className="btn btn-primary btn-block mb-5"
      type="submit"
    >
      Sign up
    </button>
    <a
      className="link center"
      href="/auth/login"
      onClick={[Function]}
    >
      Already registered?
    </a>
  </form>,
]
`;
